// Jest Snapshot v1, https://goo.gl/fbAQLP

exports[`Folder renders 1`] = `ShallowWrapper {}`;
